SQL> 
SQL> DROP SEQUENCE bed_allocation_bed_allocationi;

Sequence BED_ALLOCATION_BED_ALLOCATIONI dropped.

SQL> 
SQL> DROP SEQUENCE doctor_doctorid_seq;

Sequence DOCTOR_DOCTORID_SEQ dropped.

SQL> 
SQL> DROP SEQUENCE nurse_nurseid_seq;

Sequence NURSE_NURSEID_SEQ dropped.

SQL> 
SQL> DROP SEQUENCE nurse_allocation_nurse_allocat;

Sequence NURSE_ALLOCATION_NURSE_ALLOCAT dropped.

SQL> 
SQL> DROP SEQUENCE patient_patientid_seq;

Sequence PATIENT_PATIENTID_SEQ dropped.

SQL> 
SQL> DROP SEQUENCE patient_pres_proced_patient_pr;

Sequence PATIENT_PRES_PROCED_PATIENT_PR dropped.

SQL> 
SQL> 
SQL> DROP TABLE admission CASCADE CONSTRAINTS;

Table ADMISSION dropped.

SQL> 
SQL> DROP TABLE bed CASCADE CONSTRAINTS;

Table BED dropped.

SQL> 
SQL> DROP TABLE bed_allocation CASCADE CONSTRAINTS;

Table BED_ALLOCATION dropped.

SQL> 
SQL> DROP TABLE cost_center CASCADE CONSTRAINTS;

Table COST_CENTER dropped.

SQL> 
SQL> DROP TABLE doctor CASCADE CONSTRAINTS;

Table DOCTOR dropped.

SQL> 
SQL> DROP TABLE doctor_speciaization CASCADE CONSTRAINTS;

Table DOCTOR_SPECIAIZATION dropped.

SQL> 
SQL> DROP TABLE item CASCADE CONSTRAINTS;

Table ITEM dropped.

SQL> 
SQL> DROP TABLE nurse CASCADE CONSTRAINTS;

Table NURSE dropped.

SQL> 
SQL> DROP TABLE nurse_allocation CASCADE CONSTRAINTS;

Table NURSE_ALLOCATION dropped.

SQL> 
SQL> DROP TABLE patient CASCADE CONSTRAINTS;

Table PATIENT dropped.

SQL> 
SQL> DROP TABLE patient_pres_proced CASCADE CONSTRAINTS;

Table PATIENT_PRES_PROCED dropped.

SQL> 
SQL> DROP TABLE performing_doctor CASCADE CONSTRAINTS;

Table PERFORMING_DOCTOR dropped.

SQL> 
SQL> DROP TABLE prescribing_doctor CASCADE CONSTRAINTS;

Table PRESCRIBING_DOCTOR dropped.

SQL> 
SQL> DROP TABLE procedure CASCADE CONSTRAINTS;

Table PROCEDURE dropped.

SQL> 
SQL> DROP TABLE procedure_additional_item CASCADE CONSTRAINTS;

Table PROCEDURE_ADDITIONAL_ITEM dropped.

SQL> 
SQL> DROP TABLE specialization CASCADE CONSTRAINTS;

Table SPECIALIZATION dropped.

SQL> 
SQL> DROP TABLE ward CASCADE CONSTRAINTS;

Table WARD dropped.

SQL> 
SQL> CREATE TABLE admission ( 
  2  --  PatientID: Unique Identifier for the patient at Monash Hospital
  3      patientid             NUMBER(7) NOT NULL, 
  4  --  Date and Time the Patient is Admitted
  5      date_time_admission   DATE NOT NULL, 
  6  --  Date and Time the patient is discharged
  7      date_time_discharge   DATE, 
  8  --  Supervising DoctorID
  9      doctorid              NUMBER(7) NOT NULL
 10  );

Table ADMISSION created.

SQL> 
SQL> ALTER TABLE admission ADD CONSTRAINT admission_pk PRIMARY KEY ( date_time_admission,
  2                                                                  patientid );

Table ADMISSION altered.

SQL> 
SQL> CREATE TABLE bed ( 
  2  --  Bed Number in a given ward
  3      bed_no                NUMBER(3) NOT NULL, 
  4  --  Ward Identifier
  5      ward_code             NUMBER(7) NOT NULL, 
  6  --  Bedside Telephone Number
  7      "Bed_Telephone_No."   NUMBER(10) NOT NULL, 
  8  --  Type of Bed
  9      bed_type              CHAR(1)
 10  );

Table BED created.

SQL> 
SQL> ALTER TABLE bed ADD CHECK ( bed_no > 0 );

Table BED altered.

SQL> 
SQL> ALTER TABLE bed ADD CONSTRAINT bed_pk PRIMARY KEY ( bed_no,
  2                                                      ward_code );

Table BED altered.

SQL> 
SQL> CREATE TABLE bed_allocation ( 
  2  --  Surrogate key for Bed Allocation
  3      bed_allocationid           NUMBER(7) NOT NULL, 
  4  --  Date and Time of Bed Allocation to the Patient
  5      date_time_allocation       DATE NOT NULL, 
  6  --  Bed Number in a given ward
  7      bed_no                     NUMBER(3) NOT NULL, 
  8  --  Ward Identifier
  9      ward_code                  NUMBER(7) NOT NULL, 
 10  --  Date and Time the Patient is Admitted
 11      date_time_admission        DATE NOT NULL, 
 12  --  PatientID: Unique Identifier for the patient at Monash Hospital
 13      patientid                  NUMBER(7) NOT NULL, 
 14  --  Date and Time of Bed Allocation end for a given Bed allocation
 15      date_time_allocation_end   DATE
 16  );

Table BED_ALLOCATION created.

SQL> 
SQL> ALTER TABLE bed_allocation ADD CHECK ( bed_allocationid > 0 );

Table BED_ALLOCATION altered.

SQL> 
SQL> ALTER TABLE bed_allocation ADD CONSTRAINT bed_allocation_pk PRIMARY KEY ( bed_allocationid );

Table BED_ALLOCATION altered.

SQL> 
SQL> ALTER TABLE bed_allocation
  2      ADD CONSTRAINT bed_allocation_nk UNIQUE ( date_time_admission,
  3                                                patientid,
  4                                                bed_no,
  5                                                ward_code,
  6                                                date_time_allocation );

Table BED_ALLOCATION altered.

SQL> 
SQL> CREATE TABLE cost_center ( 
  2  --  Unique Identifier for the cost Center
  3      cost_center_code    NUMBER(7) NOT NULL, 
  4  --  Description of the  Cost center
  5      cost_center_title   VARCHAR2(50) NOT NULL, 
  6  --  Manager of the Cost Center
  7      manager_name        VARCHAR2(50) NOT NULL
  8  );

Table COST_CENTER created.

SQL> 
SQL> ALTER TABLE cost_center ADD CONSTRAINT cost_center_pk PRIMARY KEY ( cost_center_code );

Table COST_CENTER altered.

SQL> 
SQL> CREATE TABLE doctor ( 
  2  --  Supervising DoctorID
  3      doctorid       NUMBER(7) NOT NULL, 
  4  --  Supervising Doctor Name
  5      doctor_name    VARCHAR2(50) NOT NULL, 
  6  --  Phone Number of the Supervising doctor
  7      phone_number   CHAR(10) NOT NULL
  8  );

Table DOCTOR created.

SQL> 
SQL> ALTER TABLE doctor ADD CONSTRAINT "Doctor ID check" CHECK ( doctorid > 0 );

Table DOCTOR altered.

SQL> 
SQL> ALTER TABLE doctor ADD CONSTRAINT doctor_pk PRIMARY KEY ( doctorid );

Table DOCTOR altered.

SQL> 
SQL> CREATE TABLE doctor_speciaization ( 
  2  --  Specialization Identifier
  3      specialzation_name   VARCHAR2(50) NOT NULL, 
  4  --  Supervising DoctorID
  5      doctorid             NUMBER(7) NOT NULL
  6  );

Table DOCTOR_SPECIAIZATION created.

SQL> 
SQL> ALTER TABLE doctor_speciaization ADD CONSTRAINT doctor_speciaization_pk PRIMARY KEY ( doctorid,
  2                                                                                        specialzation_name );

Table DOCTOR_SPECIAIZATION altered.

SQL> 
SQL> CREATE TABLE item ( 
  2  --  Unique identifier of "extra" items in the procedure
  3      item_code          NUMBER(7) NOT NULL, 
  4  --  What the item is about
  5      description        VARCHAR2(50) NOT NULL, 
  6  --  The number of the item remaining in stock
  7      current_stock      NUMBER(3) NOT NULL, 
  8  --  The price of the item
  9      price              NUMBER(4) NOT NULL, 
 10  --  Unique Identifier for the cost Center
 11      cost_center_code   NUMBER(7) NOT NULL
 12  );

Table ITEM created.

SQL> 
SQL> ALTER TABLE item ADD CONSTRAINT item_pk PRIMARY KEY ( item_code );

Table ITEM altered.

SQL> 
SQL> CREATE TABLE nurse ( 
  2  --  Unique Nurse Identifier
  3      nurseid              NUMBER(7) NOT NULL, 
  4  --  First Name of the Nurse
  5      first_name           VARCHAR2(50) NOT NULL, 
  6  --  Last Name of the Nurse 
  7      last_name            VARCHAR2(50) NOT NULL, 
  8  --  Contact Number of the Nurse
  9      contact_phone        CHAR(10) NOT NULL, 
 10  --  Is the Nurse Certified to work with Children?
 11      certified_children   CHAR(1) NOT NULL
 12  );

Table NURSE created.

SQL> 
SQL> ALTER TABLE nurse ADD CONSTRAINT "Nurse ID" CHECK ( nurseid > 0 );

Table NURSE altered.

SQL> 
SQL> ALTER TABLE nurse ADD CONSTRAINT nurse_pk PRIMARY KEY ( nurseid );

Table NURSE altered.

SQL> 
SQL> CREATE TABLE nurse_allocation ( 
  2  --  Surrogate Key for Nurse Allocation
  3      nurse_allocationid   NUMBER(7) NOT NULL, 
  4  --  Date of Ward Assigned to the Nurse
  5      date_assigned        DATE NOT NULL, 
  6  --  Date the assignment was completed
  7      date_complete        DATE NOT NULL, 
  8  --  Ward Identifier
  9      ward_code            NUMBER(7) NOT NULL, 
 10  --  Unique Nurse Identifier
 11      nurseid              NUMBER(7) NOT NULL
 12  );

Table NURSE_ALLOCATION created.

SQL> 
SQL> ALTER TABLE nurse_allocation ADD CHECK ( nurse_allocationid > 0 );

Table NURSE_ALLOCATION altered.

SQL> 
SQL> ALTER TABLE nurse_allocation ADD CONSTRAINT nurse_allocation_pk PRIMARY KEY ( nurse_allocationid );

Table NURSE_ALLOCATION altered.

SQL> 
SQL> ALTER TABLE nurse_allocation
  2      ADD CONSTRAINT nurse_allocation_nk UNIQUE ( date_assigned,
  3                                                  date_complete,
  4                                                  nurseid,
  5                                                  ward_code );

Table NURSE_ALLOCATION altered.

SQL> 
SQL> CREATE TABLE patient ( 
  2  --  PatientID: Unique Identifier for the patient at Monash Hospital
  3      patientid          NUMBER(7) NOT NULL, 
  4  --  Patient Name
  5      patient_name       VARCHAR2(50) NOT NULL, 
  6  --  Patient's Resedential Addres
  7      address            VARCHAR2(50) NOT NULL, 
  8  --  Patient's Date of Birth
  9      date_of_birth      DATE NOT NULL, 
 10  --  Emergency Contact Number for a Patient
 11      emergency_number   CHAR(10) NOT NULL
 12  );

Table PATIENT created.

SQL> 
SQL> ALTER TABLE patient ADD CONSTRAINT "Positive values for PatientID" CHECK ( patientid > 0 );

Table PATIENT altered.

SQL> 
SQL> ALTER TABLE patient ADD CONSTRAINT patient_pk PRIMARY KEY ( patientid );

Table PATIENT altered.

SQL> 
SQL> CREATE TABLE patient_pres_proced ( 
  2  --  surrogate key for Patient Prescription
  3      patient_presid        NUMBER(7) NOT NULL, 
  4  --  PatientID: Unique Identifier for the patient at Monash Hospital
  5      patientid             NUMBER(7) NOT NULL, 
  6  --  Date and Time the Patient is Admitted
  7      date_time_admission   DATE NOT NULL, 
  8  --  Unique Identifier for procedure in Hospital
  9      procedure_code        NUMBER(7) NOT NULL, 
 10  --  Doctor ID of the Prescribing Doctor
 11      requested_doctorid    NUMBER(7) NOT NULL, 
 12  --  Performing Doctor ID
 13      performing_doctorid   NUMBER(7) NOT NULL, 
 14  --  Date and Time when the procedure is scheduled
 15      date_time_procedure   DATE NOT NULL
 16  );

Table PATIENT_PRES_PROCED created.

SQL> 
SQL> ALTER TABLE patient_pres_proced ADD CHECK ( patient_presid > 0 );

Table PATIENT_PRES_PROCED altered.

SQL> 
SQL> ALTER TABLE patient_pres_proced ADD CONSTRAINT patient_pres_proced_pk PRIMARY KEY ( patient_presid );

Table PATIENT_PRES_PROCED altered.

SQL> 
SQL> ALTER TABLE patient_pres_proced
  2      ADD CONSTRAINT patient_pres_proced_nk UNIQUE ( procedure_code,
  3                                                     patientid,
  4                                                     date_time_admission );

Table PATIENT_PRES_PROCED altered.

SQL> 
SQL> CREATE TABLE performing_doctor ( 
  2  --  Performing Doctor ID
  3      performing_doctorid      NUMBER(7) NOT NULL, 
  4  --  Name of Performing Doctor or the Doctor Incharge
  5      performing_doctor_name   VARCHAR2(50) NOT NULL
  6  );

Table PERFORMING_DOCTOR created.

SQL> 
SQL> ALTER TABLE performing_doctor ADD CONSTRAINT performing_doctor_pk PRIMARY KEY ( performing_doctorid );

Table PERFORMING_DOCTOR altered.

SQL> 
SQL> CREATE TABLE prescribing_doctor ( 
  2  --  Doctor ID of the Prescribing Doctor
  3      requested_doctorid      NUMBER(7) NOT NULL, 
  4  --  Name of Prescribing Doctor
  5      requested_doctor_name   VARCHAR2(50) NOT NULL
  6  );

Table PRESCRIBING_DOCTOR created.

SQL> 
SQL> ALTER TABLE prescribing_doctor ADD CONSTRAINT prescribing_doctor_pk PRIMARY KEY ( requested_doctorid );

Table PRESCRIBING_DOCTOR altered.

SQL> 
SQL> CREATE TABLE procedure ( 
  2  --  Unique Identifier for procedure in Hospital
  3      procedure_code     NUMBER(7) NOT NULL, 
  4  --  Name of procedure
  5      procedure_name     VARCHAR2(50) NOT NULL, 
  6  --  Price of Procedure
  7      procedure_charge   NUMBER(6, 2) NOT NULL
  8  );

Table PROCEDURE created.

SQL> 
SQL> ALTER TABLE procedure ADD CHECK ( procedure_code > 0 );

Table PROCEDURE altered.

SQL> 
SQL> ALTER TABLE procedure ADD CONSTRAINT procedure_pk PRIMARY KEY ( procedure_code );

Table PROCEDURE altered.

SQL> 
SQL> CREATE TABLE procedure_additional_item ( 
  2  --  Unique identifier of "extra" items in the procedure
  3      item_code           NUMBER(7) NOT NULL, 
  4  --  surrogate key for Patient Prescription
  5      patient_presid      NUMBER(7) NOT NULL, 
  6  --  Quantity of Item used in the given procedure
  7      quantity            NUMBER(3) NOT NULL, 
  8  --  Charge of Item used in the the procedure
  9      total_item_charge   NUMBER(6, 2) NOT NULL
 10  );

Table PROCEDURE_ADDITIONAL_ITEM created.

SQL> 
SQL> ALTER TABLE procedure_additional_item ADD CONSTRAINT procedure_additional_item_pk PRIMARY KEY ( item_code,
  2                                                                                                  patient_presid );

Table PROCEDURE_ADDITIONAL_ITEM altered.

SQL> 
SQL> CREATE TABLE specialization ( 
  2  --  Specialization Identifier
  3      specialzation_name VARCHAR2(50) NOT NULL
  4  );

Table SPECIALIZATION created.

SQL> 
SQL> ALTER TABLE specialization ADD CONSTRAINT specialization_pk PRIMARY KEY ( specialzation_name );

Table SPECIALIZATION altered.

SQL> 
SQL> CREATE TABLE ward ( 
  2  --  Ward Identifier
  3      ward_code          NUMBER(7) NOT NULL, 
  4  --  Name of the Ward
  5      ward_name          VARCHAR2(50) NOT NULL, 
  6  --  Number of Beds in the Ward
  7      number_beds        NUMBER(3) NOT NULL, 
  8  --  Number of Free Beds in the Ward
  9      number_free_beds   NUMBER(3) NOT NULL
 10  );

Table WARD created.

SQL> 
SQL> ALTER TABLE ward ADD CONSTRAINT "Ward Code Value" CHECK ( ward_code > 0 );

Table WARD altered.

SQL> 
SQL> ALTER TABLE ward ADD CONSTRAINT "Beds check" CHECK ( number_beds > 0 );

Table WARD altered.

SQL> 
SQL> ALTER TABLE ward ADD CONSTRAINT "Free Beds Check" CHECK ( number_free_beds >= 0 );

Table WARD altered.

SQL> 
SQL> ALTER TABLE ward ADD CONSTRAINT ward_pk PRIMARY KEY ( ward_code );

Table WARD altered.

SQL> 
SQL> ALTER TABLE bed_allocation
  2      ADD CONSTRAINT admission_bed_allocation FOREIGN KEY ( date_time_admission,
  3                                                            patientid )
  4          REFERENCES admission ( date_time_admission,
  5                                 patientid );

Table BED_ALLOCATION altered.

SQL> 
SQL> ALTER TABLE admission
  2      ADD CONSTRAINT admission_doctor FOREIGN KEY ( doctorid )
  3          REFERENCES doctor ( doctorid );

Table ADMISSION altered.

SQL> 
SQL> ALTER TABLE patient_pres_proced
  2      ADD CONSTRAINT admit_patient_proced FOREIGN KEY ( date_time_admission,
  3                                                        patientid )
  4          REFERENCES admission ( date_time_admission,
  5                                 patientid );

Table PATIENT_PRES_PROCED altered.

SQL> 
SQL> ALTER TABLE bed_allocation
  2      ADD CONSTRAINT bed_bed_allocation FOREIGN KEY ( bed_no,
  3                                                      ward_code )
  4          REFERENCES bed ( bed_no,
  5                           ward_code );

Table BED_ALLOCATION altered.

SQL> 
SQL> ALTER TABLE item
  2      ADD CONSTRAINT cost_center_item FOREIGN KEY ( cost_center_code )
  3          REFERENCES cost_center ( cost_center_code );

Table ITEM altered.

SQL> 
SQL> ALTER TABLE doctor_speciaization
  2      ADD CONSTRAINT doctor_doctor_specialization FOREIGN KEY ( doctorid )
  3          REFERENCES doctor ( doctorid );

Table DOCTOR_SPECIAIZATION altered.

SQL> 
SQL> ALTER TABLE procedure_additional_item
  2      ADD CONSTRAINT item_procedure_additional_item FOREIGN KEY ( item_code )
  3          REFERENCES item ( item_code );

Table PROCEDURE_ADDITIONAL_ITEM altered.

SQL> 
SQL> ALTER TABLE nurse_allocation
  2      ADD CONSTRAINT nurse_nurse_allocation FOREIGN KEY ( nurseid )
  3          REFERENCES nurse ( nurseid );

Table NURSE_ALLOCATION altered.

SQL> 
SQL> ALTER TABLE admission
  2      ADD CONSTRAINT patient_admission FOREIGN KEY ( patientid )
  3          REFERENCES patient ( patientid );

Table ADMISSION altered.

SQL> 
SQL> ALTER TABLE procedure_additional_item
  2      ADD CONSTRAINT patient_proced_add_item FOREIGN KEY ( patient_presid )
  3          REFERENCES patient_pres_proced ( patient_presid );

Table PROCEDURE_ADDITIONAL_ITEM altered.

SQL> 
SQL> ALTER TABLE patient_pres_proced
  2      ADD CONSTRAINT perf_doc_proced FOREIGN KEY ( performing_doctorid )
  3          REFERENCES performing_doctor ( performing_doctorid );

Table PATIENT_PRES_PROCED altered.

SQL> 
SQL> ALTER TABLE patient_pres_proced
  2      ADD CONSTRAINT prec_doc_proced FOREIGN KEY ( requested_doctorid )
  3          REFERENCES prescribing_doctor ( requested_doctorid );

Table PATIENT_PRES_PROCED altered.

SQL> 
SQL> ALTER TABLE patient_pres_proced
  2      ADD CONSTRAINT proced_patient_proced FOREIGN KEY ( procedure_code )
  3          REFERENCES procedure ( procedure_code );

Table PATIENT_PRES_PROCED altered.

SQL> 
SQL> ALTER TABLE doctor_speciaization
  2      ADD CONSTRAINT spec_doc_spec FOREIGN KEY ( specialzation_name )
  3          REFERENCES specialization ( specialzation_name );

Table DOCTOR_SPECIAIZATION altered.

SQL> 
SQL> ALTER TABLE bed
  2      ADD CONSTRAINT ward_bed FOREIGN KEY ( ward_code )
  3          REFERENCES ward ( ward_code );

Table BED altered.

SQL> 
SQL> ALTER TABLE nurse_allocation
  2      ADD CONSTRAINT ward_nurse_allocation FOREIGN KEY ( ward_code )
  3          REFERENCES ward ( ward_code );

Table NURSE_ALLOCATION altered.

SQL> 
SQL> CREATE SEQUENCE bed_allocation_bed_allocationi START WITH 1 NOCACHE ORDER;

Sequence BED_ALLOCATION_BED_ALLOCATIONI created.

SQL> 
SQL> CREATE SEQUENCE doctor_doctorid_seq START WITH 1 NOCACHE ORDER;

Sequence DOCTOR_DOCTORID_SEQ created.

SQL> 
SQL> CREATE SEQUENCE nurse_nurseid_seq START WITH 1 NOCACHE ORDER;

Sequence NURSE_NURSEID_SEQ created.

SQL> 
SQL> CREATE SEQUENCE nurse_allocation_nurse_allocat START WITH 1 NOCACHE ORDER;

Sequence NURSE_ALLOCATION_NURSE_ALLOCAT created.

SQL> 
SQL> CREATE SEQUENCE patient_patientid_seq START WITH 1 NOCACHE ORDER;

Sequence PATIENT_PATIENTID_SEQ created.

SQL> 
SQL> CREATE SEQUENCE patient_pres_proced_patient_pr START WITH 1 NOCACHE ORDER;

Sequence PATIENT_PRES_PROCED_PATIENT_PR created.

SQL> 
SQL> 
SQL> 
SQL> -- Oracle SQL Developer Data Modeler Summary Report: 
SQL> -- 
SQL> -- CREATE TABLE                            17
SQL> -- CREATE INDEX                             0
SQL> -- ALTER TABLE                             47
SQL> -- CREATE VIEW                              0
SQL> -- ALTER VIEW                               0
SQL> -- CREATE PACKAGE                           0
SQL> -- CREATE PACKAGE BODY                      0
SQL> -- CREATE PROCEDURE                         0
SQL> -- CREATE FUNCTION                          0
SQL> -- CREATE TRIGGER                           0
SQL> -- ALTER TRIGGER                            0
SQL> -- CREATE COLLECTION TYPE                   0
SQL> -- CREATE STRUCTURED TYPE                   0
SQL> -- CREATE STRUCTURED TYPE BODY              0
SQL> -- CREATE CLUSTER                           0
SQL> -- CREATE CONTEXT                           0
SQL> -- CREATE DATABASE                          0
SQL> -- CREATE DIMENSION                         0
SQL> -- CREATE DIRECTORY                         0
SQL> -- CREATE DISK GROUP                        0
SQL> -- CREATE ROLE                              0
SQL> -- CREATE ROLLBACK SEGMENT                  0
SQL> -- CREATE SEQUENCE                          6
SQL> -- CREATE MATERIALIZED VIEW                 0
SQL> -- CREATE MATERIALIZED VIEW LOG             0
SQL> -- CREATE SYNONYM                           0
SQL> -- CREATE TABLESPACE                        0
SQL> -- CREATE USER                              0
SQL> -- 
SQL> -- DROP TABLESPACE                          0
SQL> -- DROP DATABASE                            0
SQL> -- 
SQL> -- REDACTION POLICY                         0
SQL> -- 
SQL> -- ORDS DROP SCHEMA                         0
SQL> -- ORDS ENABLE SCHEMA                       0
SQL> -- ORDS ENABLE OBJECT                       0
SQL> -- 
SQL> -- ERRORS                                   0
SQL> -- WARNINGS                                 0
SQL> 
SQL> SET ECHO OFF;
